pybullet build time: Oct 21 2025 11:20:22
Twiddle: 初始评测（第 0 轮，不计入 iter 进度）。本轮需跑满 50 个 trial；首个 trial 结束前终端可能安静较久。
  初始评测 trial 1/50 （本 trial 仿真 10s ≈ 10000 物理步）...
  初始评测 trial 1/50 完成，用时 0.9s
  初始评测 trial 2/50 （本 trial 仿真 10s ≈ 10000 物理步）...
  初始评测 trial 2/50 完成，用时 0.9s
  初始评测 trial 3/50 （本 trial 仿真 10s ≈ 10000 物理步）...
  初始评测 trial 3/50 完成，用时 0.9s
  初始评测 trial 4/50 （本 trial 仿真 10s ≈ 10000 物理步）...
  初始评测 trial 4/50 完成，用时 0.9s
  初始评测 trial 5/50 （本 trial 仿真 10s ≈ 10000 物理步）...
  初始评测 trial 5/50 完成，用时 0.9s
  初始评测 trial 6/50 （本 trial 仿真 10s ≈ 10000 物理步）...
  初始评测 trial 6/50 完成，用时 0.9s
  初始评测 trial 7/50 （本 trial 仿真 10s ≈ 10000 物理步）...
  初始评测 trial 7/50 完成，用时 0.9s
  初始评测 trial 8/50 （本 trial 仿真 10s ≈ 10000 物理步）...
  初始评测 trial 8/50 完成，用时 0.9s
  初始评测 trial 9/50 （本 trial 仿真 10s ≈ 10000 物理步）...
  初始评测 trial 9/50 完成，用时 0.9s
  初始评测 trial 10/50 （本 trial 仿真 10s ≈ 10000 物理步）...
  初始评测 trial 10/50 完成，用时 0.9s
  初始评测 trial 11/50 （本 trial 仿真 10s ≈ 10000 物理步）...
  初始评测 trial 11/50 完成，用时 0.9s
  初始评测 trial 12/50 （本 trial 仿真 10s ≈ 10000 物理步）...
  初始评测 trial 12/50 完成，用时 0.9s
  初始评测 trial 13/50 （本 trial 仿真 10s ≈ 10000 物理步）...
  初始评测 trial 13/50 完成，用时 0.9s
  初始评测 trial 14/50 （本 trial 仿真 10s ≈ 10000 物理步）...
  初始评测 trial 14/50 完成，用时 0.9s
  初始评测 trial 15/50 （本 trial 仿真 10s ≈ 10000 物理步）...
  初始评测 trial 15/50 完成，用时 0.9s
  初始评测 trial 16/50 （本 trial 仿真 10s ≈ 10000 物理步）...
  初始评测 trial 16/50 完成，用时 0.9s
  初始评测 trial 17/50 （本 trial 仿真 10s ≈ 10000 物理步）...
  初始评测 trial 17/50 完成，用时 0.9s
  初始评测 trial 18/50 （本 trial 仿真 10s ≈ 10000 物理步）...
  初始评测 trial 18/50 完成，用时 0.9s
  初始评测 trial 19/50 （本 trial 仿真 10s ≈ 10000 物理步）...
  初始评测 trial 19/50 完成，用时 0.9s
  初始评测 trial 20/50 （本 trial 仿真 10s ≈ 10000 物理步）...
  初始评测 trial 20/50 完成，用时 0.9s
  初始评测 trial 21/50 （本 trial 仿真 10s ≈ 10000 物理步）...
  初始评测 trial 21/50 完成，用时 0.9s
  初始评测 trial 22/50 （本 trial 仿真 10s ≈ 10000 物理步）...
  初始评测 trial 22/50 完成，用时 0.9s
  初始评测 trial 23/50 （本 trial 仿真 10s ≈ 10000 物理步）...
  初始评测 trial 23/50 完成，用时 0.9s
  初始评测 trial 24/50 （本 trial 仿真 10s ≈ 10000 物理步）...
  初始评测 trial 24/50 完成，用时 0.9s
  初始评测 trial 25/50 （本 trial 仿真 10s ≈ 10000 物理步）...
  初始评测 trial 25/50 完成，用时 0.9s
  初始评测 trial 26/50 （本 trial 仿真 10s ≈ 10000 物理步）...
  初始评测 trial 26/50 完成，用时 0.9s
  初始评测 trial 27/50 （本 trial 仿真 10s ≈ 10000 物理步）...
  初始评测 trial 27/50 完成，用时 0.9s
  初始评测 trial 28/50 （本 trial 仿真 10s ≈ 10000 物理步）...
  初始评测 trial 28/50 完成，用时 0.9s
  初始评测 trial 29/50 （本 trial 仿真 10s ≈ 10000 物理步）...
  初始评测 trial 29/50 完成，用时 0.9s
  初始评测 trial 30/50 （本 trial 仿真 10s ≈ 10000 物理步）...
  初始评测 trial 30/50 完成，用时 0.9s
  初始评测 trial 31/50 （本 trial 仿真 10s ≈ 10000 物理步）...
  初始评测 trial 31/50 完成，用时 0.9s
  初始评测 trial 32/50 （本 trial 仿真 10s ≈ 10000 物理步）...
  初始评测 trial 32/50 完成，用时 0.9s
  初始评测 trial 33/50 （本 trial 仿真 10s ≈ 10000 物理步）...
  初始评测 trial 33/50 完成，用时 0.9s
  初始评测 trial 34/50 （本 trial 仿真 10s ≈ 10000 物理步）...
  初始评测 trial 34/50 完成，用时 0.9s
  初始评测 trial 35/50 （本 trial 仿真 10s ≈ 10000 物理步）...
  初始评测 trial 35/50 完成，用时 0.9s
  初始评测 trial 36/50 （本 trial 仿真 10s ≈ 10000 物理步）...
  初始评测 trial 36/50 完成，用时 0.9s
  初始评测 trial 37/50 （本 trial 仿真 10s ≈ 10000 物理步）...
  初始评测 trial 37/50 完成，用时 0.9s
  初始评测 trial 38/50 （本 trial 仿真 10s ≈ 10000 物理步）...
  初始评测 trial 38/50 完成，用时 0.9s
  初始评测 trial 39/50 （本 trial 仿真 10s ≈ 10000 物理步）...
  初始评测 trial 39/50 完成，用时 0.9s
  初始评测 trial 40/50 （本 trial 仿真 10s ≈ 10000 物理步）...
  初始评测 trial 40/50 完成，用时 0.9s
  初始评测 trial 41/50 （本 trial 仿真 10s ≈ 10000 物理步）...
  初始评测 trial 41/50 完成，用时 0.9s
  初始评测 trial 42/50 （本 trial 仿真 10s ≈ 10000 物理步）...
  初始评测 trial 42/50 完成，用时 0.9s
  初始评测 trial 43/50 （本 trial 仿真 10s ≈ 10000 物理步）...
  初始评测 trial 43/50 完成，用时 0.9s
  初始评测 trial 44/50 （本 trial 仿真 10s ≈ 10000 物理步）...
  初始评测 trial 44/50 完成，用时 0.9s
  初始评测 trial 45/50 （本 trial 仿真 10s ≈ 10000 物理步）...
  初始评测 trial 45/50 完成，用时 0.9s
  初始评测 trial 46/50 （本 trial 仿真 10s ≈ 10000 物理步）...
  初始评测 trial 46/50 完成，用时 0.9s
  初始评测 trial 47/50 （本 trial 仿真 10s ≈ 10000 物理步）...
  初始评测 trial 47/50 完成，用时 0.9s
  初始评测 trial 48/50 （本 trial 仿真 10s ≈ 10000 物理步）...
  初始评测 trial 48/50 完成，用时 0.9s
  初始评测 trial 49/50 （本 trial 仿真 10s ≈ 10000 物理步）...
  初始评测 trial 49/50 完成，用时 0.9s
  初始评测 trial 50/50 （本 trial 仿真 10s ≈ 10000 物理步）...
  初始评测 trial 50/50 完成，用时 0.9s
初始评测完成，进入 Twiddle 外环迭代（进度条仅统计外环 iter；每次尝试新参数仍会跑完整评测，期间可能长时间无新输出）。
Twiddle |>...........................| 1/80 iter loss=8.36e+05 ok=N  Twiddle |>...........................| 2/80 iter loss=8.36e+05 ok=N  Twiddle |=>..........................| 3/80 iter loss=7.46e+05 ok=N  Twiddle |=>..........................| 4/80 iter loss=6.99e+05 ok=N  Twiddle |=>..........................| 5/80 iter loss=6.99e+05 ok=N  Twiddle |==>.........................| 6/80 iter loss=6.99e+05 ok=N  Twiddle |==>.........................| 7/80 iter loss=6.99e+05 ok=N  Twiddle |==>.........................| 8/80 iter loss=6.99e+05 ok=N  Twiddle |===>........................| 9/80 iter loss=6.99e+05 ok=N  Twiddle |===>........................| 10/80 iter loss=6.99e+05 ok=N  Twiddle |===>........................| 11/80 iter loss=6.99e+05 ok=N  Twiddle |====>.......................| 12/80 iter loss=6.99e+05 ok=N  Twiddle |====>.......................| 13/80 iter loss=6.99e+05 ok=N  Twiddle |====>.......................| 14/80 iter loss=6.99e+05 ok=N  